Kapasitetskø: forsøk 1/4
Kapasitetskø: 71 saker, 3861 MW
Reservasjoner: forsøk 1/4
Reservasjoner: 65 saker, 2431 MW
Tilbaketrukket kapasitet: forsøk 1/4
Tilbaketrukket kapasitet: 6 saker, 190 MW
Tilknyttet kapasitet: forsøk 1/4
Tilknyttet kapasitet: ufullstendig uttrekk (0 saker / 0 MW)
Tilknyttet kapasitet: forsøk 2/4
Tilknyttet kapasitet: ufullstendig uttrekk (0 saker / 0 MW)
Tilknyttet kapasitet: forsøk 3/4
Tilknyttet kapasitet: ufullstendig uttrekk (0 saker / 0 MW)
Tilknyttet kapasitet: forsøk 4/4
Tilknyttet kapasitet: ufullstendig uttrekk (0 saker / 0 MW)
SAMLET DATAKJØRING FERDIG
{"status_meta":{"queue":{"ok":true,"fresh":true,"updated_at":"2026-08-20T08:12:50.950Z","error":null,"preserved_previous":false},"reservations":{"ok":true,"fresh":true,"updated_at":"2026-08-20T08:12:50.950Z","error":null,"preserved_previous":false},"withdrawn":{"ok":true,"fresh":true,"updated_at":"2026-08-20T08:12:50.950Z","error":null,"preserved_previous":false},"connected":{"ok":false,"fresh":false,"updated_at":"2026-08-19T17:18:26.813Z","error":"ufullstendig uttrekk (0 saker / 0 MW)","preserved_previous":true}},"totals":{"queue":{"NO1":{"cases":49,"mw":2522},"NO5":{"cases":22,"mw":1339}},"reservations":{"NO1":{"cases":43,"mw":1327},"NO5":{"cases":22,"mw":1104}},"withdrawn":{"NO1":{"cases":2,"mw":60},"NO5":{"cases":4,"mw":130}},"connected":{"NO1":{"cases":16,"mw":286},"NO5":{"cases":20,"mw":617.5400000000001}}}}
Reservasjoner kildehenter: forsøk 1/4
Reservasjoner: uavklarte prisområder: 124 saker / 12226 MW
Reservasjoner kildehenter: forsøk 2/4
Reservasjoner: uavklarte prisområder: 124 saker / 12226 MW
Reservasjoner kildehenter: forsøk 3/4
Reservasjoner: uavklarte prisområder: 124 saker / 12226 MW
Reservasjoner kildehenter: forsøk 4/4
Reservasjoner: uavklarte prisområder: 124 saker / 12226 MW
file:///__w/nettko-dashboard/nettko-dashboard/scripts/fetch-status-source.mjs:155
    if(unresolved.length) throw new Error(`uavklarte prisområder: ${unresolved.length} saker / ${unresolved.reduce((s,x)=>s+x.mw,0)} MW`);
                                ^

Error: uavklarte prisområder: 124 saker / 12226 MW
    at file:///__w/nettko-dashboard/nettko-dashboard/scripts/fetch-status-source.mjs:155:33

Node.js v24.18.0
Tilbaketrukket kapasitet kildehenter: forsøk 1/4
Tilbaketrukket kapasitet: uavklarte prisområder: 37 saker / 9177.2 MW
Tilbaketrukket kapasitet kildehenter: forsøk 2/4
Tilbaketrukket kapasitet: uavklarte prisområder: 37 saker / 9177.2 MW
Tilbaketrukket kapasitet kildehenter: forsøk 3/4
Tilbaketrukket kapasitet: uavklarte prisområder: 37 saker / 9177.2 MW
Tilbaketrukket kapasitet kildehenter: forsøk 4/4
Tilbaketrukket kapasitet: uavklarte prisområder: 37 saker / 9177.2 MW
file:///__w/nettko-dashboard/nettko-dashboard/scripts/fetch-status-source.mjs:155
    if(unresolved.length) throw new Error(`uavklarte prisområder: ${unresolved.length} saker / ${unresolved.reduce((s,x)=>s+x.mw,0)} MW`);
                                ^

Error: uavklarte prisområder: 37 saker / 9177.2 MW
    at file:///__w/nettko-dashboard/nettko-dashboard/scripts/fetch-status-source.mjs:155:33

Node.js v24.18.0
Tilknyttet Statnett KPI NO1: 296 MW
Tilknyttet Statnett KPI NO5: 251 MW
file:///__w/nettko-dashboard/nettko-dashboard/scripts/fetch-connected-filtered.mjs:173
    throw new Error(`Tilknyttet har ${parsed.unresolved.length} uavklarte saker / ${total(parsed.unresolved).mw} MW; kjente rader NO1 ${knownNO1.mw}/${kpiNO1}, NO5 ${knownNO5.mw}/${kpiNO5}`);
          ^

Error: Tilknyttet har 1 uavklarte saker / 2159.64 MW; kjente rader NO1 296/296, NO5 622.5400000000002/251
    at file:///__w/nettko-dashboard/nettko-dashboard/scripts/fetch-connected-filtered.mjs:173:11

Node.js v24.18.0
